MAP
  NAME "breeding_suitability"
  STATUS ON
  SIZE 400 300
  EXTENT -180 -90 180 90
  UNITS DD
  IMAGECOLOR 255 255 255
  IMAGETYPE PNG

  OUTPUTFORMAT
    NAME "png"
    DRIVER "AGG/PNG"
    MIMETYPE "image/png"
    IMAGEMODE RGBA
    EXTENSION "png"
    TRANSPARENT ON
  END

  PROJECTION
    "proj=longlat"
    "ellps=WGS84"
    "datum=WGS84"
    "no_defs"
  END

  WEB
    METADATA
      "wms_title" "ELRP Breeding Suitability Layers"
      "wms_onlineresource" "http://localhost:8080/cgi-bin/mapserv"
      "wms_srs" "EPSG:4326"
      "wms_enable_request" "*"
      "wms_format" "image/png"
    END
  END

  # January 2025 Breeding Suitability
  LAYER
    NAME "breeding_jan_2025"
    TYPE RASTER
    STATUS ON
    DATA "../data/Breeding_Suitability_raster_JAN_2025_NORMALIZED.tif"
    
    PROJECTION
      "proj=longlat"
      "ellps=WGS84"
      "datum=WGS84"
      "no_defs"
    END

    METADATA
      "wms_title" "Breeding Suitability January 2025"
      "wms_srs" "EPSG:4326"
      "wms_format" "image/png"
    END

    CLASS
      NAME "Unsuitable (0-25%)"
      EXPRESSION ([pixel] >= 0 AND [pixel] < 64)
      STYLE
        COLOR 255 255 178
      END
    END

    CLASS
      NAME "Low (25-50%)" 
      EXPRESSION ([pixel] >= 64 AND [pixel] < 128)
      STYLE
        COLOR 254 204 92
      END
    END

    CLASS
      NAME "Moderate (50-75%)"
      EXPRESSION ([pixel] >= 128 AND [pixel] < 192)
      STYLE
        COLOR 253 141 60
      END
    END

    CLASS
      NAME "High (75-100%)"
      EXPRESSION ([pixel] >= 192 AND [pixel] <= 255)
      STYLE
        COLOR 227 26 28
      END
    END
  END

  # February 2025 Breeding Suitability  
  LAYER
    NAME "breeding_feb_2025"
    TYPE RASTER
    STATUS ON
    DATA "../data/Breeding_Suitability_raster_FEB_2025_NORMALIZED.tif"
    
    PROJECTION
      "proj=longlat"
      "ellps=WGS84"
      "datum=WGS84"
      "no_defs"
    END

    METADATA
      "wms_title" "Breeding Suitability February 2025"
      "wms_srs" "EPSG:4326"
      "wms_format" "image/png"
    END

    CLASS
      NAME "Unsuitable (0-25%)"
      EXPRESSION ([pixel] >= 0 AND [pixel] < 64)
      STYLE
        COLOR 255 255 178
      END
    END

    CLASS
      NAME "Low (25-50%)"
      EXPRESSION ([pixel] >= 64 AND [pixel] < 128) 
      STYLE
        COLOR 254 204 92
      END
    END

    CLASS
      NAME "Moderate (50-75%)"
      EXPRESSION ([pixel] >= 128 AND [pixel] < 192)
      STYLE
        COLOR 253 141 60
      END
    END

    CLASS
      NAME "High (75-100%)"
      EXPRESSION ([pixel] >= 192 AND [pixel] <= 255)
      STYLE
        COLOR 227 26 28
      END
    END
  END

  # April 2024 Breeding Suitability
  LAYER
    NAME "breeding_apr_2024"
    TYPE RASTER
    STATUS ON
    DATA "../data/Breeding_Suitability_raster_APR_2024_NORMALIZED.tif"
    
    PROJECTION
      "proj=longlat"
      "ellps=WGS84"
      "datum=WGS84"
      "no_defs"
    END

    METADATA
      "wms_title" "Breeding Suitability April 2024"
      "wms_srs" "EPSG:4326"
      "wms_format" "image/png"
    END

    CLASS
      NAME "Unsuitable (0-25%)"
      EXPRESSION ([pixel] >= 0 AND [pixel] < 64)
      STYLE
        COLOR 255 255 178
      END
    END

    CLASS
      NAME "Low (25-50%)"
      EXPRESSION ([pixel] >= 64 AND [pixel] < 128)
      STYLE
        COLOR 254 204 92
      END
    END

    CLASS
      NAME "Moderate (50-75%)"
      EXPRESSION ([pixel] >= 128 AND [pixel] < 192)
      STYLE
        COLOR 253 141 60
      END
    END

    CLASS
      NAME "High (75-100%)"
      EXPRESSION ([pixel] >= 192 AND [pixel] <= 255)
      STYLE
        COLOR 227 26 28
      END
    END
  END

  # July 2024 Breeding Suitability
  LAYER
    NAME "breeding_jul_2024"
    TYPE RASTER
    STATUS ON
    DATA "../data/Breeding_Suitability_raster_JUL_2024_NORMALIZED.tif"
    
    PROJECTION
      "proj=longlat"
      "ellps=WGS84"
      "datum=WGS84"
      "no_defs"
    END

    METADATA
      "wms_title" "Breeding Suitability July 2024"
      "wms_srs" "EPSG:4326"
      "wms_format" "image/png"
    END

    CLASS
      NAME "Unsuitable (0-25%)"
      EXPRESSION ([pixel] >= 0 AND [pixel] < 64)
      STYLE
        COLOR 255 255 178
      END
    END

    CLASS
      NAME "Low (25-50%)"
      EXPRESSION ([pixel] >= 64 AND [pixel] < 128)
      STYLE
        COLOR 254 204 92
      END
    END

    CLASS
      NAME "Moderate (50-75%)"
      EXPRESSION ([pixel] >= 128 AND [pixel] < 192)
      STYLE
        COLOR 253 141 60
      END
    END

    CLASS
      NAME "High (75-100%)"
      EXPRESSION ([pixel] >= 192 AND [pixel] <= 255)
      STYLE
        COLOR 227 26 28
      END
    END
  END

  # November 2024 Breeding Suitability
  LAYER
    NAME "breeding_nov_2024"
    TYPE RASTER
    STATUS ON
    DATA "../data/Breeding_Suitability_raster_NOV_2024_NORMALIZED.tif"
    
    PROJECTION
      "proj=longlat"
      "ellps=WGS84"
      "datum=WGS84"
      "no_defs"
    END

    METADATA
      "wms_title" "Breeding Suitability November 2024"
      "wms_srs" "EPSG:4326"
      "wms_format" "image/png"
    END

    CLASS
      NAME "Unsuitable (0-25%)"
      EXPRESSION ([pixel] >= 0 AND [pixel] < 64)
      STYLE
        COLOR 255 255 178
      END
    END

    CLASS
      NAME "Low (25-50%)"
      EXPRESSION ([pixel] >= 64 AND [pixel] < 128)
      STYLE
        COLOR 254 204 92
      END
    END

    CLASS
      NAME "Moderate (50-75%)"
      EXPRESSION ([pixel] >= 128 AND [pixel] < 192)
      STYLE
        COLOR 253 141 60
      END
    END

    CLASS
      NAME "High (75-100%)"
      EXPRESSION ([pixel] >= 192 AND [pixel] <= 255)
      STYLE
        COLOR 227 26 28
      END
    END
  END

  # December 2024 Breeding Suitability
  LAYER
    NAME "breeding_dec_2024"
    TYPE RASTER
    STATUS ON
    DATA "../data/Breeding_Suitability_raster_DEC_2024_NORMALIZED.tif"
    
    PROJECTION
      "proj=longlat"
      "ellps=WGS84"
      "datum=WGS84"
      "no_defs"
    END

    METADATA
      "wms_title" "Breeding Suitability December 2024"
      "wms_srs" "EPSG:4326"
      "wms_format" "image/png"
    END

    CLASS
      NAME "Unsuitable (0-25%)"
      EXPRESSION ([pixel] >= 0 AND [pixel] < 64)
      STYLE
        COLOR 255 255 178
      END
    END

    CLASS
      NAME "Low (25-50%)"
      EXPRESSION ([pixel] >= 64 AND [pixel] < 128)
      STYLE
        COLOR 254 204 92
      END
    END

    CLASS
      NAME "Moderate (50-75%)"
      EXPRESSION ([pixel] >= 128 AND [pixel] < 192)
      STYLE
        COLOR 253 141 60
      END
    END

    CLASS
      NAME "High (75-100%)"
      EXPRESSION ([pixel] >= 192 AND [pixel] <= 255)
      STYLE
        COLOR 227 26 28
      END
    END
  END

END