MAP
  NAME "swarm_coverage"
  STATUS ON
  SIZE 400 300
  EXTENT -180 -90 180 90
  UNITS DD
  IMAGECOLOR 255 255 255
  IMAGETYPE PNG

  OUTPUTFORMAT
    NAME "png"
    DRIVER "AGG/PNG"
    MIMETYPE "image/png"
    IMAGEMODE RGBA
    EXTENSION "png"
    TRANSPARENT ON
  END

  PROJECTION
    "proj=longlat"
    "ellps=WGS84"
    "datum=WGS84"
    "no_defs"
  END

  WEB
    METADATA
      "wms_title" "ELRP Locust Swarm Coverage"
      "wms_onlineresource" "http://localhost:8080/cgi-bin/mapserv"
      "wms_srs" "EPSG:4326"
      "wms_enable_request" "*"
      "wms_format" "image/png"
    END
  END

  LAYER
    NAME "locust_swarm_coverage_2024"
    TYPE POLYGON
    STATUS ON
    DATA "../data/locust_swarm_coverage_2024.shp"
    
    PROJECTION
      "proj=longlat"
      "ellps=WGS84"
      "datum=WGS84"
      "no_defs"
    END

    METADATA
      "wms_title" "Locust Swarm Coverage 2024"
      "wms_srs" "EPSG:4326"
      "wms_format" "image/png"
    END

    CLASS
      NAME "Swarm Coverage Areas"
      STYLE
        COLOR 255 0 0
        OPACITY 60
        OUTLINECOLOR 139 0 0
        OUTLINEWIDTH 2
      END
    END
  END

END